// Jest Snapshot v1, https://goo.gl/fbAQLP

exports[`container component renders properly 1`] = `
<styled.div
  moodColorLeft=""
  moodColorRight=""
>
  <MoodSlider
    changeMood={[Function]}
    mood=""
    moodFontColor=""
  />
</styled.div>
`;
